
> repuestos-anz@0.1.0 build
> next build

node.exe : [baseline-browser-mapping] The data in this module is over two months old.  To ensure 
accurate Baseline data, please update: `npm i baseline-browser-mapping@latest -D`
En línea: 1 Carácter: 1
+ & "C:\Program Files\nodejs/node.exe" "C:\Program Files\nodejs/node_mo ...
+ ~~~~~~~~~~~~~~~~~~~~~~~~~~~~~~~~~~~~~~~~~~~~~~~~~~~~~~~~~~~~~~~~~~~~~
    + CategoryInfo          : NotSpecified: ([baseline-brows...ping@latest -D`:String) [], RemoteExce 
   ption
    + FullyQualifiedErrorId : NativeCommandError
 
 ΓÜá Warning: Next.js inferred your workspace root, but it may not be correct.
 We detected multiple lockfiles and selected the directory of C:\Users\Marcu\package-lock.json as the 
root directory.
 To silence this warning, set `turbopack.root` in your Next.js config, or consider removing one of 
the lockfiles if it's not needed.
   See https://nextjs.org/docs/app/api-reference/config/next-config-js/turbopack#root-directory for 
more information.
 Detected additional lockfiles: 
   * C:\Users\Marcu\.gemini\antigravity\scratch\repuestos-anz\package-lock.json

   Γû▓ Next.js 16.0.5 (Turbopack)
   - Environments: .env
   - Experiments (use with caution):
     ┬╖ serverActions

 ΓÜá The "middleware" file convention is deprecated. Please use "proxy" instead. Learn more: 
https://nextjs.org/docs/messages/middleware-to-proxy
   Creating an optimized production build ...
[baseline-browser-mapping] The data in this module is over two months old.  To ensure accurate 
Baseline data, please update: `npm i baseline-browser-mapping@latest -D`
Error: Can't resolve 'shadcn/tailwind.css' in 
'C:\Users\Marcu\.gemini\antigravity\scratch\repuestos-anz\app'
    [2m[at finishWithoutResolve (C:\Users\Marcu\.gemini\antigravity\scratch\repuestos-anz\node_module
s\enhanced-resolve\lib\Resolver.js:586:18)][0m
    [2m[at C:\Users\Marcu\.gemini\antigravity\scratch\repuestos-anz\node_modules\enhanced-resolve\lib
\Resolver.js:678:14][0m
    [2m[at C:\Users\Marcu\.gemini\antigravity\scratch\repuestos-anz\node_modules\enhanced-resolve\lib
\Resolver.js:739:5][0m
    [2m[at eval (eval at create (C:\Users\Marcu\.gemini\antigravity\scratch\repuestos-anz\node_module
s\tapable\lib\HookCodeFactory.js:31:10), <anonymous>:15:1)][0m
    [2m[at C:\Users\Marcu\.gemini\antigravity\scratch\repuestos-anz\node_modules\enhanced-resolve\lib
\Resolver.js:739:5][0m
    [2m[at eval (eval at create (C:\Users\Marcu\.gemini\antigravity\scratch\repuestos-anz\node_module
s\tapable\lib\HookCodeFactory.js:31:10), <anonymous>:27:1)][0m
    [2m[at C:\Users\Marcu\.gemini\antigravity\scratch\repuestos-anz\node_modules\enhanced-resolve\lib
\DescriptionFilePlugin.js:89:43][0m
    [2m[at C:\Users\Marcu\.gemini\antigravity\scratch\repuestos-anz\node_modules\enhanced-resolve\lib
\Resolver.js:739:5][0m
    [2m[at eval (eval at create (C:\Users\Marcu\.gemini\antigravity\scratch\repuestos-anz\node_module
s\tapable\lib\HookCodeFactory.js:31:10), <anonymous>:15:1)][0m
    [2m[at C:\Users\Marcu\.gemini\antigravity\scratch\repuestos-anz\node_modules\enhanced-resolve\lib
\Resolver.js:739:5][0m {
  details: "resolve 'shadcn/tailwind.css' in 
'C:\\Users\\Marcu\\.gemini\\antigravity\\scratch\\repuestos-anz\\app'\n" +
    '  Parsed request is a module\n' +
    '  using description file: 
C:\\Users\\Marcu\\.gemini\\antigravity\\scratch\\repuestos-anz\\package.json (relative path: 
./app)\n' +
    '    resolve as module\n' +
    "      C:\\Users\\Marcu\\.gemini\\antigravity\\scratch\\repuestos-anz\\app\\node_modules doesn't 
exist or is not a directory\n" +
    '      looking for modules in 
C:\\Users\\Marcu\\.gemini\\antigravity\\scratch\\repuestos-anz\\node_modules\n' +
    "        C:\\Users\\Marcu\\.gemini\\antigravity\\scratch\\repuestos-anz\\node_modules\\shadcn 
doesn't exist\n" +
    "      C:\\Users\\Marcu\\.gemini\\antigravity\\scratch\\node_modules doesn't exist or is not a 
directory\n" +
    "      C:\\Users\\Marcu\\.gemini\\antigravity\\node_modules doesn't exist or is not a 
directory\n" +
    "      C:\\Users\\Marcu\\.gemini\\node_modules doesn't exist or is not a directory\n" +
    "      C:\\Users\\Marcu\\node_modules doesn't exist or is not a directory\n" +
    "      C:\\Users\\node_modules doesn't exist or is not a directory\n" +
    "      C:\\node_modules doesn't exist or is not a directory"
}

> Build error occurred
Error: Turbopack build failed with 1 errors:
./.gemini/antigravity/scratch/repuestos-anz/app/globals.css
Error evaluating Node.js code
CssSyntaxError: tailwindcss: 
C:\Users\Marcu\.gemini\antigravity\scratch\repuestos-anz\app\globals.css:1:1: Can't resolve 
'shadcn/tailwind.css' in 'C:\Users\Marcu\.gemini\antigravity\scratch\repuestos-anz\app'
    at Input.error 
(.gemini/antigravity/scratch/repuestos-anz/node_modules/postcss/lib/input.js:135:16) [C:\Users\Marcu\.
gemini\antigravity\scratch\repuestos-anz\.next\build\chunks\01a5e_b2d1719a._.js:4651:22]
    at Root.error (.gemini/antigravity/scratch/repuestos-anz/node_modules/postcss/lib/node.js:146:32) 
[C:\Users\Marcu\.gemini\antigravity\scratch\repuestos-anz\.next\build\chunks\01a5e_b2d1719a._.js:928:3
8]
    [at Object.Once (C:\Users\Marcu\.gemini\antigravity\scratch\repuestos-anz\node_modules\@tailwindcs
s\postcss\dist\index.js:10:6911)]
    [at process.processTicksAndRejections (node:internal/process/task_queues:105:5)]
    at async LazyResult.runAsync 
(.gemini/antigravity/scratch/repuestos-anz/node_modules/postcss/lib/lazy-result.js:293:11) [C:\Users\M
arcu\.gemini\antigravity\scratch\repuestos-anz\.next\build\chunks\01a5e_b2d1719a._.js:6206:21]
    at async transform (turbopack:///[turbopack-node]/transforms/postcss.ts:70:34) [C:\Users\Marcu\.ge
mini\antigravity\scratch\repuestos-anz\.next\build\chunks\[root-of-the-server]__2c755001._.js:146:36]
    at async run (turbopack:///[turbopack-node]/ipc/evaluate.ts:92:23) [C:\Users\Marcu\.gemini\antigra
vity\scratch\repuestos-anz\.next\build\chunks\[root-of-the-server]__f6463a81._.js:443:31]

Import trace:
  Client Component Browser:
    ./.gemini/antigravity/scratch/repuestos-anz/app/globals.css [Client Component Browser]
    ./.gemini/antigravity/scratch/repuestos-anz/app/layout.tsx [Server Component]


    at async transform (turbopack:///[turbopack-node]/transforms/postcss.ts:70:34) [C:\Users\Marcu\.ge
mini\antigravity\scratch\repuestos-anz\.next\build\chunks\[root-of-the-server]__2c755001._.js:146:36])
    at async run (turbopack:///[turbopack-node]/ipc/evaluate.ts:92:23) [C:\Users\Marcu\.gemini\antigra
vity\scratch\repuestos-anz\.next\build\chunks\[root-of-the-server]__f6463a81._.js:443:31])
